// Jest Snapshot v1, https://goo.gl/fbAQLP

exports[`Recovery should render component 1`] = `
<BrowserRouter>
  <Router
    history={
      Object {
        "action": "POP",
        "block": [Function],
        "createHref": [Function],
        "go": [Function],
        "goBack": [Function],
        "goForward": [Function],
        "length": 1,
        "listen": [Function],
        "location": Object {
          "hash": "",
          "pathname": "undefined",
          "search": "?flow=8060d57f-5c69-402f-9ecd-073e283f632aundefined",
          "state": undefined,
        },
        "push": [Function],
        "replace": [Function],
      }
    }
  >
    <Recovery>
      <div
        className="auth"
      >
        <mockConstructor>
          <div
            className="BrandingComponent"
          >
            BrandingComponent
          </div>
        </mockConstructor>
        <mockConstructor>
          <div
            className="loading"
          >
            Loading
          </div>
        </mockConstructor>
      </div>
    </Recovery>
  </Router>
</BrowserRouter>
`;
