// Jest Snapshot v1, https://goo.gl/fbAQLP

exports[`OrganisationSelector component snapshot testing should render the component with data 1`] = `
<Provider
  store={
    Object {
      "clearActions": [Function],
      "dispatch": [MockFunction],
      "getActions": [Function],
      "getState": [Function],
      "replaceReducer": [Function],
      "subscribe": [Function],
    }
  }
>
  <OrganisationSelector>
    <ForwardRef(InternalSelect)
      bordered={false}
      onChange={[Function]}
      style={
        Object {
          "width": "200px",
        }
      }
      value="Organization 1"
    >
      <Select
        className="ant-select-borderless"
        clearIcon={<ForwardRef(CloseCircleFilled) />}
        disabled={false}
        dropdownClassName=""
        inputIcon={[Function]}
        listHeight={256}
        listItemHeight={24}
        menuItemSelectedIcon={null}
        notFoundContent={
          <Context.Consumer>
            [Function]
          </Context.Consumer>
        }
        onChange={[Function]}
        placement="bottomLeft"
        prefixCls="ant-select"
        removeIcon={<ForwardRef(CloseOutlined) />}
        style={
          Object {
            "width": "200px",
          }
        }
        transitionName="ant-slide-up"
        value="Organization 1"
      >
        <BaseSelect
          OptionList={
            Object {
              "$$typeof": Symbol(react.forward_ref),
              "displayName": "OptionList",
              "render": [Function],
            }
          }
          activeDescendantId="rc_select_TEST_OR_SSR_list_0"
          activeValue={null}
          autoClearSearchValue={true}
          className="ant-select-borderless"
          clearIcon={<ForwardRef(CloseCircleFilled) />}
          disabled={false}
          displayValues={
            Array [
              Object {
                "disabled": undefined,
                "key": undefined,
                "label": "Organization 1",
                "title": undefined,
                "value": "Organization 1",
              },
            ]
          }
          dropdownClassName=""
          dropdownMatchSelectWidth={true}
          emptyOptions={false}
          id="rc_select_TEST_OR_SSR"
          inputIcon={[Function]}
          notFoundContent={
            <Context.Consumer>
              [Function]
            </Context.Consumer>
          }
          omitDomProps={
            Array [
              "inputValue",
            ]
          }
          onDisplayValuesChange={[Function]}
          onSearch={[Function]}
          onSearchSplit={[Function]}
          placement="bottomLeft"
          prefixCls="ant-select"
          removeIcon={<ForwardRef(CloseOutlined) />}
          searchValue=""
          style={
            Object {
              "width": "200px",
            }
          }
          transitionName="ant-slide-up"
        >
          <div
            className="ant-select ant-select-borderless ant-select-single ant-select-show-arrow"
            onBlur={[Function]}
            onFocus={[Function]}
            onKeyDown={[Function]}
            onKeyUp={[Function]}
            onMouseDown={[Function]}
            style={
              Object {
                "width": "200px",
              }
            }
          >
            <SelectTrigger
              containerWidth={null}
              disabled={false}
              dropdownClassName=""
              dropdownMatchSelectWidth={true}
              empty={false}
              getTriggerDOMNode={[Function]}
              onPopupMouseEnter={[Function]}
              placement="bottomLeft"
              popupElement={<ForwardRef(OptionList) />}
              prefixCls="ant-select"
              transitionName="ant-slide-up"
            >
              <Trigger
                action={Array []}
                afterPopupVisibleChange={[Function]}
                autoDestroy={false}
                blurDelay={0.15}
                builtinPlacements={
                  Object {
                    "bottomLeft": Object {
                      "offset": Array [
                        0,
                        4,
                      ],
                      "overflow": Object {
                        "adjustX": 0,
                        "adjustY": 1,
                      },
                      "points": Array [
                        "tl",
                        "bl",
                      ],
                    },
                    "bottomRight": Object {
                      "offset": Array [
                        0,
                        4,
                      ],
                      "overflow": Object {
                        "adjustX": 0,
                        "adjustY": 1,
                      },
                      "points": Array [
                        "tr",
                        "br",
                      ],
                    },
                    "topLeft": Object {
                      "offset": Array [
                        0,
                        -4,
                      ],
                      "overflow": Object {
                        "adjustX": 0,
                        "adjustY": 1,
                      },
                      "points": Array [
                        "bl",
                        "tl",
                      ],
                    },
                    "topRight": Object {
                      "offset": Array [
                        0,
                        -4,
                      ],
                      "overflow": Object {
                        "adjustX": 0,
                        "adjustY": 1,
                      },
                      "points": Array [
                        "br",
                        "tr",
                      ],
                    },
                  }
                }
                defaultPopupVisible={false}
                destroyPopupOnHide={false}
                focusDelay={0}
                getDocument={[Function]}
                getPopupClassNameFromAlign={[Function]}
                getTriggerDOMNode={[Function]}
                hideAction={Array []}
                mask={false}
                maskClosable={true}
                mouseEnterDelay={0}
                mouseLeaveDelay={0.1}
                onPopupAlign={[Function]}
                onPopupVisibleChange={[Function]}
                popup={
                  <div
                    onMouseEnter={[Function]}
                  >
                    <ForwardRef(OptionList) />
                  </div>
                }
                popupAlign={Object {}}
                popupClassName=""
                popupPlacement="bottomLeft"
                popupStyle={
                  Object {
                    "minWidth": null,
                    "width": null,
                  }
                }
                popupTransitionName="ant-slide-up"
                prefixCls="ant-select-dropdown"
                showAction={Array []}
              >
                <Selector
                  OptionList={
                    Object {
                      "$$typeof": Symbol(react.forward_ref),
                      "displayName": "OptionList",
                      "render": [Function],
                    }
                  }
                  activeDescendantId="rc_select_TEST_OR_SSR_list_0"
                  activeValue={null}
                  autoClearSearchValue={true}
                  className="ant-select-borderless"
                  clearIcon={<ForwardRef(CloseCircleFilled) />}
                  disabled={false}
                  displayValues={
                    Array [
                      Object {
                        "disabled": undefined,
                        "key": undefined,
                        "label": "Organization 1",
                        "title": undefined,
                        "value": "Organization 1",
                      },
                    ]
                  }
                  domRef={
                    Object {
                      "current": <div
                        class="ant-select-selector"
                      >
                        <span
                          class="ant-select-selection-search"
                        >
                          <input
                            aria-activedescendant="rc_select_TEST_OR_SSR_list_0"
                            aria-autocomplete="list"
                            aria-controls="rc_select_TEST_OR_SSR_list"
                            aria-haspopup="listbox"
                            aria-owns="rc_select_TEST_OR_SSR_list"
                            autocomplete="off"
                            class="ant-select-selection-search-input"
                            id="rc_select_TEST_OR_SSR"
                            readonly=""
                            role="combobox"
                            style="opacity: 0;"
                            type="search"
                            unselectable="on"
                            value=""
                          />
                        </span>
                        <span
                          class="ant-select-selection-item"
                          title="Organization 1"
                        >
                          Organization 1
                        </span>
                      </div>,
                    }
                  }
                  dropdownClassName=""
                  dropdownMatchSelectWidth={true}
                  emptyOptions={false}
                  id="rc_select_TEST_OR_SSR"
                  inputElement={null}
                  inputIcon={[Function]}
                  key="trigger"
                  notFoundContent={
                    <Context.Consumer>
                      [Function]
                    </Context.Consumer>
                  }
                  omitDomProps={
                    Array [
                      "inputValue",
                    ]
                  }
                  onDisplayValuesChange={[Function]}
                  onRemove={[Function]}
                  onSearch={[Function]}
                  onSearchSplit={[Function]}
                  onSearchSubmit={[Function]}
                  onToggleOpen={[Function]}
                  placement="bottomLeft"
                  prefixCls="ant-select"
                  removeIcon={<ForwardRef(CloseOutlined) />}
                  searchValue=""
                  showSearch={false}
                  style={
                    Object {
                      "width": "200px",
                    }
                  }
                  tokenWithEnter={false}
                  transitionName="ant-slide-up"
                  values={
                    Array [
                      Object {
                        "disabled": undefined,
                        "key": undefined,
                        "label": "Organization 1",
                        "title": undefined,
                        "value": "Organization 1",
                      },
                    ]
                  }
                >
                  <div
                    className="ant-select-selector"
                    onClick={[Function]}
                    onMouseDown={[Function]}
                  >
                    <SingleSelector
                      OptionList={
                        Object {
                          "$$typeof": Symbol(react.forward_ref),
                          "displayName": "OptionList",
                          "render": [Function],
                        }
                      }
                      activeDescendantId="rc_select_TEST_OR_SSR_list_0"
                      activeValue={null}
                      autoClearSearchValue={true}
                      className="ant-select-borderless"
                      clearIcon={<ForwardRef(CloseCircleFilled) />}
                      disabled={false}
                      displayValues={
                        Array [
                          Object {
                            "disabled": undefined,
                            "key": undefined,
                            "label": "Organization 1",
                            "title": undefined,
                            "value": "Organization 1",
                          },
                        ]
                      }
                      domRef={
                        Object {
                          "current": <div
                            class="ant-select-selector"
                          >
                            <span
                              class="ant-select-selection-search"
                            >
                              <input
                                aria-activedescendant="rc_select_TEST_OR_SSR_list_0"
                                aria-autocomplete="list"
                                aria-controls="rc_select_TEST_OR_SSR_list"
                                aria-haspopup="listbox"
                                aria-owns="rc_select_TEST_OR_SSR_list"
                                autocomplete="off"
                                class="ant-select-selection-search-input"
                                id="rc_select_TEST_OR_SSR"
                                readonly=""
                                role="combobox"
                                style="opacity: 0;"
                                type="search"
                                unselectable="on"
                                value=""
                              />
                            </span>
                            <span
                              class="ant-select-selection-item"
                              title="Organization 1"
                            >
                              Organization 1
                            </span>
                          </div>,
                        }
                      }
                      dropdownClassName=""
                      dropdownMatchSelectWidth={true}
                      emptyOptions={false}
                      id="rc_select_TEST_OR_SSR"
                      inputElement={null}
                      inputIcon={[Function]}
                      inputRef={
                        Object {
                          "current": <input
                            aria-activedescendant="rc_select_TEST_OR_SSR_list_0"
                            aria-autocomplete="list"
                            aria-controls="rc_select_TEST_OR_SSR_list"
                            aria-haspopup="listbox"
                            aria-owns="rc_select_TEST_OR_SSR_list"
                            autocomplete="off"
                            class="ant-select-selection-search-input"
                            id="rc_select_TEST_OR_SSR"
                            readonly=""
                            role="combobox"
                            style="opacity: 0;"
                            type="search"
                            unselectable="on"
                            value=""
                          />,
                        }
                      }
                      notFoundContent={
                        <Context.Consumer>
                          [Function]
                        </Context.Consumer>
                      }
                      omitDomProps={
                        Array [
                          "inputValue",
                        ]
                      }
                      onDisplayValuesChange={[Function]}
                      onInputChange={[Function]}
                      onInputCompositionEnd={[Function]}
                      onInputCompositionStart={[Function]}
                      onInputKeyDown={[Function]}
                      onInputMouseDown={[Function]}
                      onInputPaste={[Function]}
                      onRemove={[Function]}
                      onSearch={[Function]}
                      onSearchSplit={[Function]}
                      onSearchSubmit={[Function]}
                      onToggleOpen={[Function]}
                      placement="bottomLeft"
                      prefixCls="ant-select"
                      removeIcon={<ForwardRef(CloseOutlined) />}
                      searchValue=""
                      showSearch={false}
                      style={
                        Object {
                          "width": "200px",
                        }
                      }
                      tokenWithEnter={false}
                      transitionName="ant-slide-up"
                      values={
                        Array [
                          Object {
                            "disabled": undefined,
                            "key": undefined,
                            "label": "Organization 1",
                            "title": undefined,
                            "value": "Organization 1",
                          },
                        ]
                      }
                    >
                      <span
                        className="ant-select-selection-search"
                      >
                        <Input
                          activeDescendantId="rc_select_TEST_OR_SSR_list_0"
                          attrs={Object {}}
                          disabled={false}
                          editable={false}
                          id="rc_select_TEST_OR_SSR"
                          inputElement={null}
                          onChange={[Function]}
                          onCompositionEnd={[Function]}
                          onCompositionStart={[Function]}
                          onKeyDown={[Function]}
                          onMouseDown={[Function]}
                          onPaste={[Function]}
                          prefixCls="ant-select"
                          value=""
                        >
                          <input
                            aria-activedescendant="rc_select_TEST_OR_SSR_list_0"
                            aria-autocomplete="list"
                            aria-controls="rc_select_TEST_OR_SSR_list"
                            aria-haspopup="listbox"
                            aria-owns="rc_select_TEST_OR_SSR_list"
                            autoComplete="off"
                            className="ant-select-selection-search-input"
                            disabled={false}
                            id="rc_select_TEST_OR_SSR"
                            onChange={[Function]}
                            onCompositionEnd={[Function]}
                            onCompositionStart={[Function]}
                            onKeyDown={[Function]}
                            onMouseDown={[Function]}
                            onPaste={[Function]}
                            readOnly={true}
                            role="combobox"
                            style={
                              Object {
                                "opacity": 0,
                              }
                            }
                            type="search"
                            unselectable="on"
                            value=""
                          />
                        </Input>
                      </span>
                      <span
                        className="ant-select-selection-item"
                        title="Organization 1"
                      >
                        Organization 1
                      </span>
                    </SingleSelector>
                  </div>
                </Selector>
              </Trigger>
            </SelectTrigger>
            <TransBtn
              className="ant-select-arrow"
              customizeIcon={[Function]}
              customizeIconProps={
                Object {
                  "focused": false,
                  "loading": undefined,
                  "open": undefined,
                  "searchValue": "",
                  "showSearch": false,
                }
              }
            >
              <span
                aria-hidden={true}
                className="ant-select-arrow"
                onMouseDown={[Function]}
                style={
                  Object {
                    "WebkitUserSelect": "none",
                    "userSelect": "none",
                  }
                }
                unselectable="on"
              >
                <ForwardRef(DownOutlined)
                  className="ant-select-suffix"
                >
                  <AntdIcon
                    className="ant-select-suffix"
                    icon={
                      Object {
                        "icon": Object {
                          "attrs": Object {
                            "focusable": "false",
                            "viewBox": "64 64 896 896",
                          },
                          "children": Array [
                            Object {
                              "attrs": Object {
                                "d": "M884 256h-75c-5.1 0-9.9 2.5-12.9 6.6L512 654.2 227.9 262.6c-3-4.1-7.8-6.6-12.9-6.6h-75c-6.5 0-10.3 7.4-6.5 12.7l352.6 486.1c12.8 17.6 39 17.6 51.7 0l352.6-486.1c3.9-5.3.1-12.7-6.4-12.7z",
                              },
                              "tag": "path",
                            },
                          ],
                          "tag": "svg",
                        },
                        "name": "down",
                        "theme": "outlined",
                      }
                    }
                  >
                    <span
                      aria-label="down"
                      className="anticon anticon-down ant-select-suffix"
                      role="img"
                    >
                      <IconReact
                        icon={
                          Object {
                            "icon": Object {
                              "attrs": Object {
                                "focusable": "false",
                                "viewBox": "64 64 896 896",
                              },
                              "children": Array [
                                Object {
                                  "attrs": Object {
                                    "d": "M884 256h-75c-5.1 0-9.9 2.5-12.9 6.6L512 654.2 227.9 262.6c-3-4.1-7.8-6.6-12.9-6.6h-75c-6.5 0-10.3 7.4-6.5 12.7l352.6 486.1c12.8 17.6 39 17.6 51.7 0l352.6-486.1c3.9-5.3.1-12.7-6.4-12.7z",
                                  },
                                  "tag": "path",
                                },
                              ],
                              "tag": "svg",
                            },
                            "name": "down",
                            "theme": "outlined",
                          }
                        }
                      >
                        <svg
                          aria-hidden="true"
                          data-icon="down"
                          fill="currentColor"
                          focusable="false"
                          height="1em"
                          key="svg-down"
                          viewBox="64 64 896 896"
                          width="1em"
                        >
                          <path
                            d="M884 256h-75c-5.1 0-9.9 2.5-12.9 6.6L512 654.2 227.9 262.6c-3-4.1-7.8-6.6-12.9-6.6h-75c-6.5 0-10.3 7.4-6.5 12.7l352.6 486.1c12.8 17.6 39 17.6 51.7 0l352.6-486.1c3.9-5.3.1-12.7-6.4-12.7z"
                            key="svg-down-svg-0"
                          />
                        </svg>
                      </IconReact>
                    </span>
                  </AntdIcon>
                </ForwardRef(DownOutlined)>
              </span>
            </TransBtn>
          </div>
        </BaseSelect>
      </Select>
    </ForwardRef(InternalSelect)>
  </OrganisationSelector>
</Provider>
`;

exports[`OrganisationSelector component snapshot testing should render the component without data 1`] = `
<Provider
  store={
    Object {
      "clearActions": [Function],
      "dispatch": [Function],
      "getActions": [Function],
      "getState": [Function],
      "replaceReducer": [Function],
      "subscribe": [Function],
    }
  }
>
  <OrganisationSelector />
</Provider>
`;
